
Run directory: runs/tronformer_ne24_envC_rope_seed123_skewed
Device: cuda
/home/kshinde/ondemand/pymarketsim/train_tronformer.py:380: FutureWarning: `torch.cuda.amp.GradScaler(args...)` is deprecated. Please use `torch.amp.GradScaler('cuda', args...)` instead.
  self.scaler = torch.cuda.amp.GradScaler(enabled=(self.device.type == "cuda"))
/home/kshinde/ondemand/pymarketsim/train_tronformer.py:386: FutureWarning: `torch.cuda.amp.GradScaler(args...)` is deprecated. Please use `torch.amp.GradScaler('cuda', args...)` instead.
  self.rm_scaler = torch.cuda.amp.GradScaler(enabled=(self.device.type == "cuda"))

Training TRONformer (CLS-DQN) for 2,000,000 steps
  seq_len=40, n_step=5, batch=512
  d_model=128, n_layers=2, shade_bins=42
  exploration=eps-greedy(eps_end=0.05)
  eps_decay_steps=1000000, train_freq=4
  buffer_capacity=100000
  env sim_time=2000, lam=0.012, lam_zi=0.012

/home/kshinde/ondemand/pymarketsim/marketsim/wrappers/metrics.py:71: RuntimeWarning: invalid value encountered in scalar divide
  up = deltas[deltas >= 0].sum() / len(midprices)
/home/kshinde/ondemand/pymarketsim/marketsim/wrappers/metrics.py:72: RuntimeWarning: invalid value encountered in scalar divide
  down = -deltas[deltas < 0].sum() / len(midprices)
  step=  50,000  eval=+0.213±1.444  eps=0.953  loss=0.1555  8.8min
  Saved model → runs/tronformer_ne24_envC_rope_seed123_skewed/best_model.pt
  step= 100,000  eval=+0.204±2.176  eps=0.905  loss=0.1460  17.8min
  step= 150,000  eval=+0.270±1.376  eps=0.858  loss=0.1502  26.9min
  Saved model → runs/tronformer_ne24_envC_rope_seed123_skewed/best_model.pt
  step= 200,000  eval=+0.141±1.622  eps=0.810  loss=0.1138  36.0min
  step= 250,000  eval=+0.261±2.036  eps=0.762  loss=0.1134  45.4min
  step= 300,000  eval=+0.602±1.683  eps=0.715  loss=0.1005  54.9min
  Saved model → runs/tronformer_ne24_envC_rope_seed123_skewed/best_model.pt
  step= 350,000  eval=+0.239±1.694  eps=0.667  loss=0.1042  63.9min
  step= 400,000  eval=+0.247±2.374  eps=0.620  loss=0.0886  72.9min
  step= 450,000  eval=+0.345±1.355  eps=0.573  loss=0.0914  82.1min
  step= 500,000  eval=+0.287±1.016  eps=0.525  loss=0.0844  91.1min
  step= 550,000  eval=+0.116±1.701  eps=0.478  loss=0.0809  100.4min
  step= 600,000  eval=+0.225±1.657  eps=0.430  loss=0.0691  109.7min
  step= 650,000  eval=+0.411±2.204  eps=0.383  loss=0.0732  119.1min
  step= 700,000  eval=+0.272±2.128  eps=0.335  loss=0.0673  128.3min
  step= 750,000  eval=+0.134±1.792  eps=0.288  loss=0.0761  137.6min
  step= 800,000  eval=+0.356±1.852  eps=0.240  loss=0.0708  147.0min
  step= 850,000  eval=+0.113±1.479  eps=0.193  loss=0.0646  156.3min
  step= 900,000  eval=-0.054±1.338  eps=0.145  loss=0.0588  165.7min
  step= 950,000  eval=+0.157±1.791  eps=0.098  loss=0.0665  175.1min
  step=1,000,000  eval=+0.493±1.672  eps=0.050  loss=0.0616  184.5min
  step=1,050,000  eval=+0.141±1.579  eps=0.050  loss=0.0607  193.8min
  step=1,100,000  eval=+0.291±2.213  eps=0.050  loss=0.0468  203.2min
  step=1,150,000  eval=+0.497±1.572  eps=0.050  loss=0.0570  212.7min
  step=1,200,000  eval=+0.099±1.946  eps=0.050  loss=0.0551  221.9min
  step=1,250,000  eval=+0.369±1.635  eps=0.050  loss=0.0617  231.3min
  step=1,300,000  eval=+0.199±1.291  eps=0.050  loss=0.0637  240.2min
  step=1,350,000  eval=+0.262±1.788  eps=0.050  loss=0.0704  249.4min
  step=1,400,000  eval=+0.143±1.881  eps=0.050  loss=0.0598  258.9min
  step=1,450,000  eval=+0.213±1.419  eps=0.050  loss=0.0632  268.2min
  step=1,500,000  eval=-0.068±1.103  eps=0.050  loss=0.0591  277.5min
  step=1,550,000  eval=+0.207±1.390  eps=0.050  loss=0.0560  286.7min
  step=1,600,000  eval=+0.394±1.610  eps=0.050  loss=0.0495  296.0min
  step=1,650,000  eval=+0.296±1.506  eps=0.050  loss=0.0549  305.4min
  step=1,700,000  eval=+0.238±1.070  eps=0.050  loss=0.0457  314.6min
  step=1,750,000  eval=+0.098±1.627  eps=0.050  loss=0.0607  323.8min
  step=1,800,000  eval=+0.109±1.250  eps=0.050  loss=0.0564  333.1min
  step=1,850,000  eval=+0.310±1.683  eps=0.050  loss=0.0687  342.3min
  step=1,900,000  eval=-0.174±2.050  eps=0.050  loss=0.0655  351.5min
  step=1,950,000  eval=+0.641±1.936  eps=0.050  loss=0.0655  360.9min
  Saved model → runs/tronformer_ne24_envC_rope_seed123_skewed/best_model.pt
  step=2,000,000  eval=+0.162±1.381  eps=0.050  loss=0.0565  370.2min
  Saved model → runs/tronformer_ne24_envC_rope_seed123_skewed/final_model.pt

Training complete. Best eval: +0.6409
All outputs in: runs/tronformer_ne24_envC_rope_seed123_skewed/
  Saved: runs/tronformer_ne24_envC_rope_seed123_skewed/learning_curve.png
