
Run directory: runs/tronformer_ne24_s8_envA_uniform_matched
Device: cuda
Traceback (most recent call last):
  File "/home/kshinde/ondemand/pymarketsim/train_tronformer.py", line 942, in <module>
    main()
  File "/home/kshinde/ondemand/pymarketsim/train_tronformer.py", line 938, in main
    train(args)
  File "/home/kshinde/ondemand/pymarketsim/train_tronformer.py", line 686, in train
    trainer  = R2D2FormerTrainer(
               ^^^^^^^^^^^^^^^^^^
  File "/home/kshinde/ondemand/pymarketsim/train_tronformer.py", line 373, in __init__
    self.online = TRONformerPolicy(input_dim=obs_dim, d_model=d_model, n_layers=n_layers, shade_bins=shade_bins).to(self.device)
                  ^^^^^^^^^^^^^^^^^^^^^^^^^^^^^^^^^^^^^^^^^^^^^^^^^^^^^^^^^^^^^^^^^^^^^^^^^^^^^^^^^^^^^^^^^^^^^^^^^^^^^^^^^^^^^^
  File "/home/kshinde/ondemand/pymarketsim/venv/lib/python3.11/site-packages/torch/nn/modules/module.py", line 1381, in to
    return self._apply(convert)
           ^^^^^^^^^^^^^^^^^^^^
  File "/home/kshinde/ondemand/pymarketsim/venv/lib/python3.11/site-packages/torch/nn/modules/module.py", line 933, in _apply
    module._apply(fn)
  File "/home/kshinde/ondemand/pymarketsim/venv/lib/python3.11/site-packages/torch/nn/modules/module.py", line 964, in _apply
    param_applied = fn(param)
                    ^^^^^^^^^
  File "/home/kshinde/ondemand/pymarketsim/venv/lib/python3.11/site-packages/torch/nn/modules/module.py", line 1367, in convert
    return t.to(
           ^^^^^
torch.AcceleratorError: CUDA error: CUDA-capable device(s) is/are busy or unavailable
Search for `cudaErrorDevicesUnavailable' in https://docs.nvidia.com/cuda/cuda-runtime-api/group__CUDART__TYPES.html for more information.
CUDA kernel errors might be asynchronously reported at some other API call, so the stacktrace below might be incorrect.
For debugging consider passing CUDA_LAUNCH_BLOCKING=1
Compile with `TORCH_USE_CUDA_DSA` to enable device-side assertions.

