Learner device: cuda | Workers: 4
Env C | strategy S8 | shade=[460, 540] eta=0.5
/home/kshinde/ondemand/pymarketsim/marketsim/wrappers/metrics.py:71: RuntimeWarning: invalid value encountered in scalar divide
  up = deltas[deltas >= 0].sum() / len(midprices)
/home/kshinde/ondemand/pymarketsim/marketsim/wrappers/metrics.py:72: RuntimeWarning: invalid value encountered in scalar divide
  down = -deltas[deltas < 0].sum() / len(midprices)
/home/kshinde/ondemand/pymarketsim/marketsim/wrappers/metrics.py:71: RuntimeWarning: invalid value encountered in scalar divide
  up = deltas[deltas >= 0].sum() / len(midprices)
/home/kshinde/ondemand/pymarketsim/marketsim/wrappers/metrics.py:72: RuntimeWarning: invalid value encountered in scalar divide
  down = -deltas[deltas < 0].sum() / len(midprices)
/home/kshinde/ondemand/pymarketsim/marketsim/wrappers/metrics.py:71: RuntimeWarning: invalid value encountered in scalar divide
  up = deltas[deltas >= 0].sum() / len(midprices)
/home/kshinde/ondemand/pymarketsim/marketsim/wrappers/metrics.py:72: RuntimeWarning: invalid value encountered in scalar divide
  down = -deltas[deltas < 0].sum() / len(midprices)
/home/kshinde/ondemand/pymarketsim/marketsim/wrappers/metrics.py:71: RuntimeWarning: invalid value encountered in scalar divide
  up = deltas[deltas >= 0].sum() / len(midprices)
/home/kshinde/ondemand/pymarketsim/marketsim/wrappers/metrics.py:72: RuntimeWarning: invalid value encountered in scalar divide
  down = -deltas[deltas < 0].sum() / len(midprices)
/home/kshinde/ondemand/pymarketsim/marketsim/wrappers/metrics.py:71: RuntimeWarning: invalid value encountered in scalar divide
  up = deltas[deltas >= 0].sum() / len(midprices)
/home/kshinde/ondemand/pymarketsim/marketsim/wrappers/metrics.py:72: RuntimeWarning: invalid value encountered in scalar divide
  down = -deltas[deltas < 0].sum() / len(midprices)
Spawned 4 workers (PIDs: [1523059, 1523060, 1523061, 1523062])
Training for 10,000 episodes (starting at 1) …
ep    10,000 | ε=0.9810 | buf=10,000 | loss=0.01224 | 25 ep/s

Final eval profit (greedy, 200 runs): 1325.9
Models saved to runs/tron2_smoke_par/
