Using device: cuda

Run directory: runs/tron_envc_nb24_s8_v4_abc
Device: cuda

Training TRON (R2D2) for 3,000,000 steps
  seq_len=32, burnin=0, batch=64, n_step=15
  hidden_dim=256, shade_bins=s8-skewed (n=42), eta_bins=fixed=0.5 (n=1)
  tau=0.005 (Polyak), lr=0.0001 decay×0.3 at env steps [1000000, 3000000]
  eps_decay_steps=1000000, entropy_coef=0.05, train_freq=4
  eval_episodes=1000, eval_window=3, reward=paired-proxy, rew_norm=std-norm(w=10k), clip=±1.0
  env sim_time=2000, lam=0.012, lam_zi=0.012, shock_var=1.00e+06, pv_var=2.00e+07, pv_n=4.47e+03

/home/kshinde/ondemand/pymarketsim/marketsim/wrappers/metrics.py:71: RuntimeWarning: invalid value encountered in scalar divide
  up = deltas[deltas >= 0].sum() / len(midprices)
/home/kshinde/ondemand/pymarketsim/marketsim/wrappers/metrics.py:72: RuntimeWarning: invalid value encountered in scalar divide
  down = -deltas[deltas < 0].sum() / len(midprices)
  Saved model → runs/tron_envc_nb24_s8_v4_abc/best_model.pt
  step=  50,000  eval=-0.572±9.531  roll=-0.572  eps=0.953  loss=-0.0661  11.2min  *saved*
  step= 100,000  eval=-0.642±9.877  roll=-0.607  eps=0.905  loss=-0.0726  22.3min
  Saved model → runs/tron_envc_nb24_s8_v4_abc/best_model.pt
  step= 150,000  eval=-0.325±9.760  roll=-0.513  eps=0.858  loss=-0.0709  33.5min  *saved*
  Saved model → runs/tron_envc_nb24_s8_v4_abc/best_model.pt
  step= 200,000  eval=-0.539±8.738  roll=-0.502  eps=0.810  loss=-0.0769  44.6min  *saved*
  Saved model → runs/tron_envc_nb24_s8_v4_abc/best_model.pt
  step= 250,000  eval=-0.578±7.966  roll=-0.481  eps=0.762  loss=-0.0733  55.6min  *saved*
  Saved model → runs/tron_envc_nb24_s8_v4_abc/best_model.pt
  step= 300,000  eval=+0.069±8.947  roll=-0.350  eps=0.715  loss=-0.0755  66.6min  *saved*
  step= 350,000  eval=-0.681±8.697  roll=-0.397  eps=0.667  loss=-0.0697  77.6min
  Saved model → runs/tron_envc_nb24_s8_v4_abc/best_model.pt
  step= 400,000  eval=-0.206±8.348  roll=-0.273  eps=0.620  loss=-0.0720  89.1min  *saved*
  step= 450,000  eval=-0.313±8.867  roll=-0.400  eps=0.573  loss=-0.0669  101.1min
  Saved model → runs/tron_envc_nb24_s8_v4_abc/best_model.pt
  step= 500,000  eval=-0.114±7.861  roll=-0.211  eps=0.525  loss=-0.0639  112.6min  *saved*
  step= 550,000  eval=-0.493±8.934  roll=-0.306  eps=0.478  loss=-0.0686  125.3min
  step= 600,000  eval=-0.217±8.575  roll=-0.275  eps=0.430  loss=-0.0664  136.9min
  step= 650,000  eval=-0.031±8.304  roll=-0.247  eps=0.383  loss=-0.0648  148.3min
  Saved model → runs/tron_envc_nb24_s8_v4_abc/best_model.pt
  step= 700,000  eval=-0.185±7.843  roll=-0.145  eps=0.335  loss=-0.0624  159.9min  *saved*
  step= 750,000  eval=-0.291±7.722  roll=-0.169  eps=0.288  loss=-0.0681  171.2min
  step= 800,000  eval=-0.520±8.003  roll=-0.332  eps=0.240  loss=-0.0590  183.8min
  step= 850,000  eval=-0.094±8.547  roll=-0.302  eps=0.193  loss=-0.0586  195.0min
  step= 900,000  eval=-0.324±9.319  roll=-0.313  eps=0.145  loss=-0.0579  206.8min
  Saved model → runs/tron_envc_nb24_s8_v4_abc/best_model.pt
  step= 950,000  eval=+0.224±8.548  roll=-0.065  eps=0.098  loss=-0.0535  217.9min  *saved*
  step=1,000,000  eval=-0.388±9.282  roll=-0.163  eps=0.050  loss=-0.0544  229.2min
  step=1,050,000  eval=-0.588±8.435  roll=-0.251  eps=0.050  loss=-0.0584  240.4min
  step=1,100,000  eval=-0.276±9.432  roll=-0.417  eps=0.050  loss=-0.0535  251.7min
  step=1,150,000  eval=-1.006±8.452  roll=-0.623  eps=0.050  loss=-0.0501  263.8min
  step=1,200,000  eval=-0.828±8.928  roll=-0.703  eps=0.050  loss=-0.0418  275.7min
  step=1,250,000  eval=+0.053±7.900  roll=-0.594  eps=0.050  loss=-0.0318  286.9min
  step=1,300,000  eval=-0.133±7.786  roll=-0.303  eps=0.050  loss=-0.0268  299.0min
  Saved model → runs/tron_envc_nb24_s8_v4_abc/best_model.pt
  step=1,350,000  eval=+0.222±8.879  roll=+0.047  eps=0.050  loss=-0.0260  310.5min  *saved*
  step=1,400,000  eval=-0.665±8.784  roll=-0.192  eps=0.050  loss=-0.0197  322.0min
  step=1,450,000  eval=-0.310±8.237  roll=-0.251  eps=0.050  loss=-0.0220  333.7min
  step=1,500,000  eval=-0.385±8.738  roll=-0.453  eps=0.050  loss=-0.0189  345.9min
  step=1,550,000  eval=-0.513±8.531  roll=-0.403  eps=0.050  loss=-0.0191  357.4min
  step=1,600,000  eval=-0.173±8.197  roll=-0.357  eps=0.050  loss=-0.0162  369.2min
  step=1,650,000  eval=+0.061±8.739  roll=-0.208  eps=0.050  loss=-0.0077  381.2min
  step=1,700,000  eval=-0.307±8.880  roll=-0.140  eps=0.050  loss=-0.0053  392.7min
  step=1,750,000  eval=-0.084±8.716  roll=-0.110  eps=0.050  loss=-0.0083  404.8min
  step=1,800,000  eval=-0.109±9.025  roll=-0.167  eps=0.050  loss=-0.0072  416.3min
  step=1,850,000  eval=-0.450±8.564  roll=-0.214  eps=0.050  loss=-0.0090  429.2min
  step=1,900,000  eval=-0.427±8.260  roll=-0.328  eps=0.050  loss=-0.0022  441.0min
  step=1,950,000  eval=-0.199±8.570  roll=-0.358  eps=0.050  loss=-0.0029  452.8min
  step=2,000,000  eval=-0.157±8.239  roll=-0.261  eps=0.050  loss=-0.0075  464.8min
  step=2,050,000  eval=-0.178±8.295  roll=-0.178  eps=0.050  loss=-0.0095  476.6min
  step=2,100,000  eval=-0.440±9.620  roll=-0.258  eps=0.050  loss=-0.0004  488.2min
  step=2,150,000  eval=+0.444±8.582  roll=-0.058  eps=0.050  loss=-0.0045  500.8min
  step=2,200,000  eval=-0.227±8.368  roll=-0.074  eps=0.050  loss=-0.0028  512.2min
  step=2,250,000  eval=-0.496±8.339  roll=-0.093  eps=0.050  loss=-0.0042  523.6min
  step=2,300,000  eval=+0.090±8.317  roll=-0.211  eps=0.050  loss=-0.0095  534.9min
  step=2,350,000  eval=-0.272±8.645  roll=-0.226  eps=0.050  loss=-0.0034  547.2min
  step=2,400,000  eval=-0.423±8.577  roll=-0.202  eps=0.050  loss=-0.0061  559.2min
  step=2,450,000  eval=-0.121±8.915  roll=-0.272  eps=0.050  loss=-0.0057  570.7min
  step=2,500,000  eval=-0.621±7.986  roll=-0.388  eps=0.050  loss=-0.0074  582.3min
  step=2,550,000  eval=-0.253±8.704  roll=-0.331  eps=0.050  loss=-0.0160  594.1min
  step=2,600,000  eval=-0.451±8.574  roll=-0.442  eps=0.050  loss=-0.0058  606.2min
  step=2,650,000  eval=-0.400±8.439  roll=-0.368  eps=0.050  loss=-0.0079  617.6min
  step=2,700,000  eval=-0.196±8.719  roll=-0.349  eps=0.050  loss=-0.0076  629.5min
  step=2,750,000  eval=-0.452±8.565  roll=-0.349  eps=0.050  loss=-0.0057  642.0min
  step=2,800,000  eval=-0.028±8.389  roll=-0.225  eps=0.050  loss=-0.0050  653.7min
  step=2,850,000  eval=-0.739±8.773  roll=-0.406  eps=0.050  loss=-0.0042  665.5min
  step=2,900,000  eval=-0.618±8.432  roll=-0.462  eps=0.050  loss=-0.0080  676.9min
  step=2,950,000  eval=-0.348±8.215  roll=-0.568  eps=0.050  loss=-0.0086  688.7min
  step=3,000,000  eval=-0.264±8.243  roll=-0.410  eps=0.050  loss=-0.0090  700.2min
  Saved model → runs/tron_envc_nb24_s8_v4_abc/final_model.pt

Training complete. Best rolling eval: +0.0473
All outputs in: runs/tron_envc_nb24_s8_v4_abc/
  Saved: runs/tron_envc_nb24_s8_v4_abc/learning_curve.png
