Learner device: cuda | Workers: 8
Env C | strategy S8 | shade=[460, 540] eta=0.5
/home/kshinde/ondemand/pymarketsim/marketsim/wrappers/metrics.py:71: RuntimeWarning: invalid value encountered in scalar divide
  up = deltas[deltas >= 0].sum() / len(midprices)
/home/kshinde/ondemand/pymarketsim/marketsim/wrappers/metrics.py:72: RuntimeWarning: invalid value encountered in scalar divide
  down = -deltas[deltas < 0].sum() / len(midprices)
/home/kshinde/ondemand/pymarketsim/marketsim/wrappers/metrics.py:71: RuntimeWarning: invalid value encountered in scalar divide
  up = deltas[deltas >= 0].sum() / len(midprices)
/home/kshinde/ondemand/pymarketsim/marketsim/wrappers/metrics.py:72: RuntimeWarning: invalid value encountered in scalar divide
  down = -deltas[deltas < 0].sum() / len(midprices)
/home/kshinde/ondemand/pymarketsim/marketsim/wrappers/metrics.py:71: RuntimeWarning: invalid value encountered in scalar divide
  up = deltas[deltas >= 0].sum() / len(midprices)
/home/kshinde/ondemand/pymarketsim/marketsim/wrappers/metrics.py:72: RuntimeWarning: invalid value encountered in scalar divide
  down = -deltas[deltas < 0].sum() / len(midprices)
/home/kshinde/ondemand/pymarketsim/marketsim/wrappers/metrics.py:71: RuntimeWarning: invalid value encountered in scalar divide
  up = deltas[deltas >= 0].sum() / len(midprices)
/home/kshinde/ondemand/pymarketsim/marketsim/wrappers/metrics.py:72: RuntimeWarning: invalid value encountered in scalar divide
  down = -deltas[deltas < 0].sum() / len(midprices)
/home/kshinde/ondemand/pymarketsim/marketsim/wrappers/metrics.py:71: RuntimeWarning: invalid value encountered in scalar divide
  up = deltas[deltas >= 0].sum() / len(midprices)
/home/kshinde/ondemand/pymarketsim/marketsim/wrappers/metrics.py:72: RuntimeWarning: invalid value encountered in scalar divide
  down = -deltas[deltas < 0].sum() / len(midprices)
/home/kshinde/ondemand/pymarketsim/marketsim/wrappers/metrics.py:71: RuntimeWarning: invalid value encountered in scalar divide
  up = deltas[deltas >= 0].sum() / len(midprices)
/home/kshinde/ondemand/pymarketsim/marketsim/wrappers/metrics.py:72: RuntimeWarning: invalid value encountered in scalar divide
  down = -deltas[deltas < 0].sum() / len(midprices)
/home/kshinde/ondemand/pymarketsim/marketsim/wrappers/metrics.py:71: RuntimeWarning: invalid value encountered in scalar divide
  up = deltas[deltas >= 0].sum() / len(midprices)
/home/kshinde/ondemand/pymarketsim/marketsim/wrappers/metrics.py:72: RuntimeWarning: invalid value encountered in scalar divide
  down = -deltas[deltas < 0].sum() / len(midprices)
/home/kshinde/ondemand/pymarketsim/marketsim/wrappers/metrics.py:71: RuntimeWarning: invalid value encountered in scalar divide
  up = deltas[deltas >= 0].sum() / len(midprices)
/home/kshinde/ondemand/pymarketsim/marketsim/wrappers/metrics.py:72: RuntimeWarning: invalid value encountered in scalar divide
  down = -deltas[deltas < 0].sum() / len(midprices)
/home/kshinde/ondemand/pymarketsim/marketsim/wrappers/metrics.py:71: RuntimeWarning: invalid value encountered in scalar divide
  up = deltas[deltas >= 0].sum() / len(midprices)
/home/kshinde/ondemand/pymarketsim/marketsim/wrappers/metrics.py:72: RuntimeWarning: invalid value encountered in scalar divide
  down = -deltas[deltas < 0].sum() / len(midprices)
Spawned 8 workers (PIDs: [3159981, 3159982, 3159983, 3159984, 3159985, 3159986, 3159987, 3159988])
Training for 3,000,000 episodes (starting at 1) …
ep    10,000 | ε=0.9810 | buf=10,000 | loss=0.00706 | 158 ep/s
ep    20,000 | ε=0.9620 | buf=20,000 | loss=0.00256 | 155 ep/s
ep    30,000 | ε=0.9430 | buf=30,000 | loss=0.00538 | 155 ep/s
ep    40,000 | ε=0.9240 | buf=40,000 | loss=0.01158 | 155 ep/s
ep    50,000 | ε=0.9050 | buf=50,000 | loss=0.00718 | 155 ep/s
ep    60,000 | ε=0.8860 | buf=50,000 | loss=0.01570 | 154 ep/s
ep    70,000 | ε=0.8670 | buf=50,000 | loss=0.00632 | 154 ep/s
ep    80,000 | ε=0.8480 | buf=50,000 | loss=0.00981 | 154 ep/s
ep    90,000 | ε=0.8290 | buf=50,000 | loss=0.01499 | 154 ep/s
  [ep   100,000] new best paired advantage: 45.9
ep   100,000 | ε=0.8100 | buf=50,000 | loss=0.00695 | 148 ep/s
ep   110,000 | ε=0.7910 | buf=50,000 | loss=0.01011 | 149 ep/s
ep   120,000 | ε=0.7720 | buf=50,000 | loss=0.00507 | 149 ep/s
ep   130,000 | ε=0.7530 | buf=50,000 | loss=0.00401 | 149 ep/s
ep   140,000 | ε=0.7340 | buf=50,000 | loss=0.00499 | 149 ep/s
ep   150,000 | ε=0.7150 | buf=50,000 | loss=0.02251 | 149 ep/s
ep   160,000 | ε=0.6960 | buf=50,000 | loss=0.00467 | 149 ep/s
ep   170,000 | ε=0.6770 | buf=50,000 | loss=0.00680 | 148 ep/s
ep   180,000 | ε=0.6580 | buf=50,000 | loss=0.00428 | 148 ep/s
ep   190,000 | ε=0.6390 | buf=50,000 | loss=0.00607 | 148 ep/s
  [ep   200,000] new best paired advantage: 115.1
ep   200,000 | ε=0.6200 | buf=50,000 | loss=0.00856 | 146 ep/s
ep   210,000 | ε=0.6010 | buf=50,000 | loss=0.00643 | 146 ep/s
ep   220,000 | ε=0.5820 | buf=50,000 | loss=0.00795 | 146 ep/s
ep   230,000 | ε=0.5630 | buf=50,000 | loss=0.00598 | 146 ep/s
ep   240,000 | ε=0.5440 | buf=50,000 | loss=0.00534 | 146 ep/s
ep   250,000 | ε=0.5250 | buf=50,000 | loss=0.00538 | 146 ep/s
ep   260,000 | ε=0.5060 | buf=50,000 | loss=0.00862 | 147 ep/s
ep   270,000 | ε=0.4870 | buf=50,000 | loss=0.00754 | 147 ep/s
ep   280,000 | ε=0.4680 | buf=50,000 | loss=0.00598 | 147 ep/s
ep   290,000 | ε=0.4490 | buf=50,000 | loss=0.00431 | 147 ep/s
ep   300,000 | ε=0.4300 | buf=50,000 | loss=0.00806 | 146 ep/s
ep   310,000 | ε=0.4110 | buf=50,000 | loss=0.00524 | 146 ep/s
ep   320,000 | ε=0.3920 | buf=50,000 | loss=0.00444 | 146 ep/s
ep   330,000 | ε=0.3730 | buf=50,000 | loss=0.00764 | 146 ep/s
ep   340,000 | ε=0.3540 | buf=50,000 | loss=0.00591 | 146 ep/s
ep   350,000 | ε=0.3350 | buf=50,000 | loss=0.00348 | 146 ep/s
ep   360,000 | ε=0.3160 | buf=50,000 | loss=0.00588 | 146 ep/s
ep   370,000 | ε=0.2970 | buf=50,000 | loss=0.00368 | 146 ep/s
ep   380,000 | ε=0.2780 | buf=50,000 | loss=0.00723 | 146 ep/s
ep   390,000 | ε=0.2590 | buf=50,000 | loss=0.00408 | 146 ep/s
  [ep   400,000] new best paired advantage: 169.2
ep   400,000 | ε=0.2400 | buf=50,000 | loss=0.00582 | 145 ep/s
ep   410,000 | ε=0.2210 | buf=50,000 | loss=0.00490 | 145 ep/s
ep   420,000 | ε=0.2020 | buf=50,000 | loss=0.00578 | 145 ep/s
ep   430,000 | ε=0.1830 | buf=50,000 | loss=0.01128 | 145 ep/s
ep   440,000 | ε=0.1640 | buf=50,000 | loss=0.00371 | 146 ep/s
ep   450,000 | ε=0.1450 | buf=50,000 | loss=0.00359 | 146 ep/s
ep   460,000 | ε=0.1260 | buf=50,000 | loss=0.00924 | 146 ep/s
ep   470,000 | ε=0.1070 | buf=50,000 | loss=0.00420 | 146 ep/s
ep   480,000 | ε=0.0880 | buf=50,000 | loss=0.00590 | 146 ep/s
ep   490,000 | ε=0.0690 | buf=50,000 | loss=0.00615 | 146 ep/s
ep   500,000 | ε=0.0500 | buf=50,000 | loss=0.00534 | 145 ep/s
ep   510,000 | ε=0.0500 | buf=50,000 | loss=0.00616 | 145 ep/s
ep   520,000 | ε=0.0500 | buf=50,000 | loss=0.00450 | 145 ep/s
ep   530,000 | ε=0.0500 | buf=50,000 | loss=0.00689 | 145 ep/s
ep   540,000 | ε=0.0500 | buf=50,000 | loss=0.00697 | 145 ep/s
ep   550,000 | ε=0.0500 | buf=50,000 | loss=0.00335 | 146 ep/s
ep   560,000 | ε=0.0500 | buf=50,000 | loss=0.00458 | 146 ep/s
ep   570,000 | ε=0.0500 | buf=50,000 | loss=0.00411 | 146 ep/s
ep   580,000 | ε=0.0500 | buf=50,000 | loss=0.00679 | 146 ep/s
ep   590,000 | ε=0.0500 | buf=50,000 | loss=0.00469 | 146 ep/s
  [ep   600,000] new best paired advantage: 222.1
ep   600,000 | ε=0.0500 | buf=50,000 | loss=0.00497 | 145 ep/s
ep   610,000 | ε=0.0500 | buf=50,000 | loss=0.00809 | 145 ep/s
ep   620,000 | ε=0.0500 | buf=50,000 | loss=0.00881 | 145 ep/s
ep   630,000 | ε=0.0500 | buf=50,000 | loss=0.00483 | 145 ep/s
ep   640,000 | ε=0.0500 | buf=50,000 | loss=0.00452 | 146 ep/s
ep   650,000 | ε=0.0500 | buf=50,000 | loss=0.00485 | 146 ep/s
ep   660,000 | ε=0.0500 | buf=50,000 | loss=0.00383 | 146 ep/s
ep   670,000 | ε=0.0500 | buf=50,000 | loss=0.00581 | 146 ep/s
ep   680,000 | ε=0.0500 | buf=50,000 | loss=0.00581 | 146 ep/s
ep   690,000 | ε=0.0500 | buf=50,000 | loss=0.00480 | 146 ep/s
ep   700,000 | ε=0.0500 | buf=50,000 | loss=0.00252 | 145 ep/s
ep   710,000 | ε=0.0500 | buf=50,000 | loss=0.00764 | 145 ep/s
ep   720,000 | ε=0.0500 | buf=50,000 | loss=0.00460 | 145 ep/s
ep   730,000 | ε=0.0500 | buf=50,000 | loss=0.00791 | 145 ep/s
ep   740,000 | ε=0.0500 | buf=50,000 | loss=0.00734 | 145 ep/s
ep   750,000 | ε=0.0500 | buf=50,000 | loss=0.00680 | 145 ep/s
ep   760,000 | ε=0.0500 | buf=50,000 | loss=0.00668 | 145 ep/s
ep   770,000 | ε=0.0500 | buf=50,000 | loss=0.00419 | 145 ep/s
ep   780,000 | ε=0.0500 | buf=50,000 | loss=0.00439 | 145 ep/s
ep   790,000 | ε=0.0500 | buf=50,000 | loss=0.00409 | 146 ep/s
ep   800,000 | ε=0.0500 | buf=50,000 | loss=0.00569 | 145 ep/s
ep   810,000 | ε=0.0500 | buf=50,000 | loss=0.00601 | 145 ep/s
ep   820,000 | ε=0.0500 | buf=50,000 | loss=0.00464 | 145 ep/s
ep   830,000 | ε=0.0500 | buf=50,000 | loss=0.00480 | 145 ep/s
ep   840,000 | ε=0.0500 | buf=50,000 | loss=0.00427 | 145 ep/s
ep   850,000 | ε=0.0500 | buf=50,000 | loss=0.00655 | 145 ep/s
ep   860,000 | ε=0.0500 | buf=50,000 | loss=0.00607 | 145 ep/s
ep   870,000 | ε=0.0500 | buf=50,000 | loss=0.00887 | 145 ep/s
ep   880,000 | ε=0.0500 | buf=50,000 | loss=0.00754 | 145 ep/s
ep   890,000 | ε=0.0500 | buf=50,000 | loss=0.00801 | 145 ep/s
ep   900,000 | ε=0.0500 | buf=50,000 | loss=0.00824 | 145 ep/s
ep   910,000 | ε=0.0500 | buf=50,000 | loss=0.00599 | 145 ep/s
ep   920,000 | ε=0.0500 | buf=50,000 | loss=0.00715 | 145 ep/s
ep   930,000 | ε=0.0500 | buf=50,000 | loss=0.00627 | 145 ep/s
ep   940,000 | ε=0.0500 | buf=50,000 | loss=0.00755 | 145 ep/s
ep   950,000 | ε=0.0500 | buf=50,000 | loss=0.00627 | 145 ep/s
ep   960,000 | ε=0.0500 | buf=50,000 | loss=0.00518 | 145 ep/s
ep   970,000 | ε=0.0500 | buf=50,000 | loss=0.00490 | 145 ep/s
ep   980,000 | ε=0.0500 | buf=50,000 | loss=0.00510 | 145 ep/s
ep   990,000 | ε=0.0500 | buf=50,000 | loss=0.00526 | 145 ep/s
ep 1,000,000 | ε=0.0500 | buf=50,000 | loss=0.00688 | 145 ep/s
ep 1,010,000 | ε=0.0500 | buf=50,000 | loss=0.00343 | 145 ep/s
ep 1,020,000 | ε=0.0500 | buf=50,000 | loss=0.00693 | 145 ep/s
ep 1,030,000 | ε=0.0500 | buf=50,000 | loss=0.00776 | 145 ep/s
ep 1,040,000 | ε=0.0500 | buf=50,000 | loss=0.00453 | 145 ep/s
ep 1,050,000 | ε=0.0500 | buf=50,000 | loss=0.00636 | 145 ep/s
ep 1,060,000 | ε=0.0500 | buf=50,000 | loss=0.00364 | 145 ep/s
ep 1,070,000 | ε=0.0500 | buf=50,000 | loss=0.00553 | 145 ep/s
ep 1,080,000 | ε=0.0500 | buf=50,000 | loss=0.00403 | 145 ep/s
ep 1,090,000 | ε=0.0500 | buf=50,000 | loss=0.00662 | 145 ep/s
ep 1,100,000 | ε=0.0500 | buf=50,000 | loss=0.00668 | 145 ep/s
ep 1,110,000 | ε=0.0500 | buf=50,000 | loss=0.00578 | 145 ep/s
ep 1,120,000 | ε=0.0500 | buf=50,000 | loss=0.00374 | 145 ep/s
ep 1,130,000 | ε=0.0500 | buf=50,000 | loss=0.00737 | 145 ep/s
ep 1,140,000 | ε=0.0500 | buf=50,000 | loss=0.00521 | 145 ep/s
ep 1,150,000 | ε=0.0500 | buf=50,000 | loss=0.00766 | 145 ep/s
ep 1,160,000 | ε=0.0500 | buf=50,000 | loss=0.00594 | 145 ep/s
ep 1,170,000 | ε=0.0500 | buf=50,000 | loss=0.00568 | 145 ep/s
ep 1,180,000 | ε=0.0500 | buf=50,000 | loss=0.00715 | 145 ep/s
ep 1,190,000 | ε=0.0500 | buf=50,000 | loss=0.00890 | 145 ep/s
ep 1,200,000 | ε=0.0500 | buf=50,000 | loss=0.00514 | 145 ep/s
ep 1,210,000 | ε=0.0500 | buf=50,000 | loss=0.00585 | 145 ep/s
ep 1,220,000 | ε=0.0500 | buf=50,000 | loss=0.00386 | 145 ep/s
