Running 2000 episodes across 8 processes
  Model: runs/tronformer_ne24_s8_envB_uniform/best_model.pt  [legacy(sinusoidal-PE+CLS),ffn=512]
  BG: 24x S8 ({'shade': [460, 540], 'eta': 0.5})
  lam=0.005, shock_var=1.00e+06, pv_var=5.00e+06
  lam_zi=0.02, n_layers=2, bins=uniform[0,1000]x100

Chunks:   0%|          | 0/8 [00:00<?, ?it/s]/Users/kshin/Documents/GitHub/pymarketsim/marketsim/wrappers/metrics.py:71: RuntimeWarning: invalid value encountered in scalar divide
  up = deltas[deltas >= 0].sum() / len(midprices)
/Users/kshin/Documents/GitHub/pymarketsim/marketsim/wrappers/metrics.py:72: RuntimeWarning: invalid value encountered in scalar divide
  down = -deltas[deltas < 0].sum() / len(midprices)
/Users/kshin/Documents/GitHub/pymarketsim/marketsim/wrappers/metrics.py:71: RuntimeWarning: invalid value encountered in scalar divide
  up = deltas[deltas >= 0].sum() / len(midprices)
/Users/kshin/Documents/GitHub/pymarketsim/marketsim/wrappers/metrics.py:72: RuntimeWarning: invalid value encountered in scalar divide
  down = -deltas[deltas < 0].sum() / len(midprices)
/Users/kshin/Documents/GitHub/pymarketsim/marketsim/wrappers/metrics.py:71: RuntimeWarning: invalid value encountered in scalar divide
  up = deltas[deltas >= 0].sum() / len(midprices)
/Users/kshin/Documents/GitHub/pymarketsim/marketsim/wrappers/metrics.py:72: RuntimeWarning: invalid value encountered in scalar divide
  down = -deltas[deltas < 0].sum() / len(midprices)
/Users/kshin/Documents/GitHub/pymarketsim/marketsim/wrappers/metrics.py:71: RuntimeWarning: invalid value encountered in scalar divide
  up = deltas[deltas >= 0].sum() / len(midprices)
/Users/kshin/Documents/GitHub/pymarketsim/marketsim/wrappers/metrics.py:72: RuntimeWarning: invalid value encountered in scalar divide
  down = -deltas[deltas < 0].sum() / len(midprices)
/Users/kshin/Documents/GitHub/pymarketsim/marketsim/wrappers/metrics.py:71: RuntimeWarning: invalid value encountered in scalar divide
  up = deltas[deltas >= 0].sum() / len(midprices)
/Users/kshin/Documents/GitHub/pymarketsim/marketsim/wrappers/metrics.py:72: RuntimeWarning: invalid value encountered in scalar divide
  down = -deltas[deltas < 0].sum() / len(midprices)
/Users/kshin/Documents/GitHub/pymarketsim/marketsim/wrappers/metrics.py:71: RuntimeWarning: invalid value encountered in scalar divide
  up = deltas[deltas >= 0].sum() / len(midprices)
/Users/kshin/Documents/GitHub/pymarketsim/marketsim/wrappers/metrics.py:72: RuntimeWarning: invalid value encountered in scalar divide
  down = -deltas[deltas < 0].sum() / len(midprices)
/Users/kshin/Documents/GitHub/pymarketsim/marketsim/wrappers/metrics.py:71: RuntimeWarning: invalid value encountered in scalar divide
  up = deltas[deltas >= 0].sum() / len(midprices)
/Users/kshin/Documents/GitHub/pymarketsim/marketsim/wrappers/metrics.py:72: RuntimeWarning: invalid value encountered in scalar divide
  down = -deltas[deltas < 0].sum() / len(midprices)
/Users/kshin/Documents/GitHub/pymarketsim/marketsim/wrappers/metrics.py:71: RuntimeWarning: invalid value encountered in scalar divide
  up = deltas[deltas >= 0].sum() / len(midprices)
/Users/kshin/Documents/GitHub/pymarketsim/marketsim/wrappers/metrics.py:72: RuntimeWarning: invalid value encountered in scalar divide
  down = -deltas[deltas < 0].sum() / len(midprices)
Chunks:  12%|█▎        | 1/8 [01:15<08:47, 75.30s/it]Chunks:  25%|██▌       | 2/8 [01:15<03:07, 31.19s/it]Chunks:  50%|█████     | 4/8 [01:15<00:46, 11.70s/it]Chunks:  62%|██████▎   | 5/8 [01:15<00:24,  8.13s/it]Chunks:  88%|████████▊ | 7/8 [01:16<00:04,  4.34s/it]Chunks: 100%|██████████| 8/8 [01:16<00:00,  9.54s/it]

==============================================================
TRONformer vs 24x S8 — 2000 episodes
==============================================================
                                   TRONformer  ZI S8 (mean)
  --------------------------------------------------------
  Mean profit                        +1652.49       +343.69
  Std dev                            15267.43        733.49
  Std error                            341.39         16.40
  Median                              +121.32       +392.09
  t-stat (vs 0)                          4.84
  --------------------------------------------------------
  TRONformer advantage               +1308.80  (+380.8%)
  t-stat (TRONformer vs ZI S8)           3.83
  95% CI (advantage)             [+638.90, +1978.69]
==============================================================

Per-episode profits saved to results/equilibrium/dist_envB_uniform.csv
