Running 2000 episodes across 8 processes
  Model: runs/tronformer_ne24_s8_envC/best_model.pt
  BG: 24x S8 ({'shade': [460, 540], 'eta': 0.5})
  lam=0.012, shock_var=2.00e+04, pv_var=2.00e+06
  lam_zi=0.012, n_layers=2, bins=skewed[0,600]x42

Chunks:   0%|          | 0/8 [00:00<?, ?it/s]/Users/kshin/Documents/GitHub/pymarketsim/marketsim/wrappers/metrics.py:71: RuntimeWarning: invalid value encountered in scalar divide
  up = deltas[deltas >= 0].sum() / len(midprices)
/Users/kshin/Documents/GitHub/pymarketsim/marketsim/wrappers/metrics.py:72: RuntimeWarning: invalid value encountered in scalar divide
  down = -deltas[deltas < 0].sum() / len(midprices)
/Users/kshin/Documents/GitHub/pymarketsim/marketsim/wrappers/metrics.py:71: RuntimeWarning: invalid value encountered in scalar divide
  up = deltas[deltas >= 0].sum() / len(midprices)
/Users/kshin/Documents/GitHub/pymarketsim/marketsim/wrappers/metrics.py:72: RuntimeWarning: invalid value encountered in scalar divide
  down = -deltas[deltas < 0].sum() / len(midprices)
/Users/kshin/Documents/GitHub/pymarketsim/marketsim/wrappers/metrics.py:71: RuntimeWarning: invalid value encountered in scalar divide
  up = deltas[deltas >= 0].sum() / len(midprices)
/Users/kshin/Documents/GitHub/pymarketsim/marketsim/wrappers/metrics.py:72: RuntimeWarning: invalid value encountered in scalar divide
  down = -deltas[deltas < 0].sum() / len(midprices)
/Users/kshin/Documents/GitHub/pymarketsim/marketsim/wrappers/metrics.py:71: RuntimeWarning: invalid value encountered in scalar divide
  up = deltas[deltas >= 0].sum() / len(midprices)
/Users/kshin/Documents/GitHub/pymarketsim/marketsim/wrappers/metrics.py:72: RuntimeWarning: invalid value encountered in scalar divide
  down = -deltas[deltas < 0].sum() / len(midprices)
/Users/kshin/Documents/GitHub/pymarketsim/marketsim/wrappers/metrics.py:71: RuntimeWarning: invalid value encountered in scalar divide
  up = deltas[deltas >= 0].sum() / len(midprices)
/Users/kshin/Documents/GitHub/pymarketsim/marketsim/wrappers/metrics.py:72: RuntimeWarning: invalid value encountered in scalar divide
  down = -deltas[deltas < 0].sum() / len(midprices)
/Users/kshin/Documents/GitHub/pymarketsim/marketsim/wrappers/metrics.py:71: RuntimeWarning: invalid value encountered in scalar divide
  up = deltas[deltas >= 0].sum() / len(midprices)
/Users/kshin/Documents/GitHub/pymarketsim/marketsim/wrappers/metrics.py:72: RuntimeWarning: invalid value encountered in scalar divide
  down = -deltas[deltas < 0].sum() / len(midprices)
/Users/kshin/Documents/GitHub/pymarketsim/marketsim/wrappers/metrics.py:71: RuntimeWarning: invalid value encountered in scalar divide
  up = deltas[deltas >= 0].sum() / len(midprices)
/Users/kshin/Documents/GitHub/pymarketsim/marketsim/wrappers/metrics.py:72: RuntimeWarning: invalid value encountered in scalar divide
  down = -deltas[deltas < 0].sum() / len(midprices)
/Users/kshin/Documents/GitHub/pymarketsim/marketsim/wrappers/metrics.py:71: RuntimeWarning: invalid value encountered in scalar divide
  up = deltas[deltas >= 0].sum() / len(midprices)
/Users/kshin/Documents/GitHub/pymarketsim/marketsim/wrappers/metrics.py:72: RuntimeWarning: invalid value encountered in scalar divide
  down = -deltas[deltas < 0].sum() / len(midprices)
Chunks:  12%|█▎        | 1/8 [00:40<04:46, 40.90s/it]Chunks:  25%|██▌       | 2/8 [00:41<01:42, 17.08s/it]Chunks:  62%|██████▎   | 5/8 [00:41<00:14,  4.87s/it]Chunks:  88%|████████▊ | 7/8 [00:41<00:02,  2.92s/it]Chunks: 100%|██████████| 8/8 [00:41<00:00,  5.19s/it]

==========================================================
TRONformer vs 24x S8 — 2000 episodes
==========================================================
  Mean       : +224.85
  Std dev    : 1699.79
  Std error  : 38.01
  t-stat     : 5.92
  95% CI     : [+150.36, +299.35]
  Median     : +0.00
  p5 / p25   : -2210.27 / -362.22
  p75 / p95  : +765.04 / +3155.78
  Min / Max  : -9109.14 / +15969.37
  Frac > 0   : 47.0%
==========================================================

Per-episode profits saved to results/equilibrium/dist_envC_skewed_lameq.csv
