Running 2000 episodes across 8 processes
  Model: runs/tronformer_ne24_s8_envA_uniform/best_model.pt
  BG: 24x S8 ({'shade': [460, 540], 'eta': 0.5})
  lam=0.0005, shock_var=1.00e+06, pv_var=5.00e+06
  lam_zi=0.0005, n_layers=2, bins=uniform[0,1000]x100

Chunks:   0%|          | 0/8 [00:00<?, ?it/s]/Users/kshin/Documents/GitHub/pymarketsim/marketsim/wrappers/metrics.py:71: RuntimeWarning: invalid value encountered in scalar divide
  up = deltas[deltas >= 0].sum() / len(midprices)
/Users/kshin/Documents/GitHub/pymarketsim/marketsim/wrappers/metrics.py:72: RuntimeWarning: invalid value encountered in scalar divide
  down = -deltas[deltas < 0].sum() / len(midprices)
/Users/kshin/Documents/GitHub/pymarketsim/marketsim/wrappers/metrics.py:71: RuntimeWarning: invalid value encountered in scalar divide
  up = deltas[deltas >= 0].sum() / len(midprices)
/Users/kshin/Documents/GitHub/pymarketsim/marketsim/wrappers/metrics.py:72: RuntimeWarning: invalid value encountered in scalar divide
  down = -deltas[deltas < 0].sum() / len(midprices)
/Users/kshin/Documents/GitHub/pymarketsim/marketsim/wrappers/metrics.py:71: RuntimeWarning: invalid value encountered in scalar divide
  up = deltas[deltas >= 0].sum() / len(midprices)
/Users/kshin/Documents/GitHub/pymarketsim/marketsim/wrappers/metrics.py:72: RuntimeWarning: invalid value encountered in scalar divide
  down = -deltas[deltas < 0].sum() / len(midprices)
/Users/kshin/Documents/GitHub/pymarketsim/marketsim/wrappers/metrics.py:71: RuntimeWarning: invalid value encountered in scalar divide
  up = deltas[deltas >= 0].sum() / len(midprices)
/Users/kshin/Documents/GitHub/pymarketsim/marketsim/wrappers/metrics.py:72: RuntimeWarning: invalid value encountered in scalar divide
  down = -deltas[deltas < 0].sum() / len(midprices)
/Users/kshin/Documents/GitHub/pymarketsim/marketsim/wrappers/metrics.py:71: RuntimeWarning: invalid value encountered in scalar divide
  up = deltas[deltas >= 0].sum() / len(midprices)
/Users/kshin/Documents/GitHub/pymarketsim/marketsim/wrappers/metrics.py:72: RuntimeWarning: invalid value encountered in scalar divide
  down = -deltas[deltas < 0].sum() / len(midprices)
/Users/kshin/Documents/GitHub/pymarketsim/marketsim/wrappers/metrics.py:71: RuntimeWarning: invalid value encountered in scalar divide
  up = deltas[deltas >= 0].sum() / len(midprices)
/Users/kshin/Documents/GitHub/pymarketsim/marketsim/wrappers/metrics.py:72: RuntimeWarning: invalid value encountered in scalar divide
  down = -deltas[deltas < 0].sum() / len(midprices)
/Users/kshin/Documents/GitHub/pymarketsim/marketsim/wrappers/metrics.py:71: RuntimeWarning: invalid value encountered in scalar divide
  up = deltas[deltas >= 0].sum() / len(midprices)
/Users/kshin/Documents/GitHub/pymarketsim/marketsim/wrappers/metrics.py:72: RuntimeWarning: invalid value encountered in scalar divide
  down = -deltas[deltas < 0].sum() / len(midprices)
/Users/kshin/Documents/GitHub/pymarketsim/marketsim/wrappers/metrics.py:71: RuntimeWarning: invalid value encountered in scalar divide
  up = deltas[deltas >= 0].sum() / len(midprices)
/Users/kshin/Documents/GitHub/pymarketsim/marketsim/wrappers/metrics.py:72: RuntimeWarning: invalid value encountered in scalar divide
  down = -deltas[deltas < 0].sum() / len(midprices)
Chunks:  12%|█▎        | 1/8 [00:13<01:36, 13.78s/it]Chunks:  25%|██▌       | 2/8 [00:13<00:34,  5.75s/it]Chunks:  38%|███▊      | 3/8 [00:14<00:15,  3.18s/it]Chunks:  75%|███████▌  | 6/8 [00:14<00:02,  1.12s/it]Chunks: 100%|██████████| 8/8 [00:14<00:00,  1.23it/s]Chunks: 100%|██████████| 8/8 [00:14<00:00,  1.86s/it]

==========================================================
TRONformer vs 24x S8 — 2000 episodes
==========================================================
  Mean       : -93.21
  Std dev    : 4779.52
  Std error  : 106.87
  t-stat     : -0.87
  95% CI     : [-302.68, +116.27]
  Median     : +0.00
  p5 / p25   : -8566.87 / +0.00
  p75 / p95  : +0.00 / +8347.70
  Min / Max  : -27236.95 / +36014.12
  Frac > 0   : 20.1%
==========================================================

Per-episode profits saved to results/equilibrium/dist_envA_uniform_lameq.csv
