Running 2000 episodes across 8 processes
  Model: runs/tronformer_ne24_s8_envA/best_model.pt  [legacy(sinusoidal-PE+CLS),ffn=512]
  BG: 24x S8 ({'shade': [460, 540], 'eta': 0.5})
  lam=0.0005, shock_var=1.00e+06, pv_var=5.00e+06
  lam_zi=0.02, n_layers=2, bins=skewed[0,600]x42

Chunks:   0%|          | 0/8 [00:00<?, ?it/s]/Users/kshin/Documents/GitHub/pymarketsim/marketsim/wrappers/metrics.py:71: RuntimeWarning: invalid value encountered in scalar divide
  up = deltas[deltas >= 0].sum() / len(midprices)
/Users/kshin/Documents/GitHub/pymarketsim/marketsim/wrappers/metrics.py:72: RuntimeWarning: invalid value encountered in scalar divide
  down = -deltas[deltas < 0].sum() / len(midprices)
/Users/kshin/Documents/GitHub/pymarketsim/marketsim/wrappers/metrics.py:71: RuntimeWarning: invalid value encountered in scalar divide
  up = deltas[deltas >= 0].sum() / len(midprices)
/Users/kshin/Documents/GitHub/pymarketsim/marketsim/wrappers/metrics.py:72: RuntimeWarning: invalid value encountered in scalar divide
  down = -deltas[deltas < 0].sum() / len(midprices)
/Users/kshin/Documents/GitHub/pymarketsim/marketsim/wrappers/metrics.py:71: RuntimeWarning: invalid value encountered in scalar divide
  up = deltas[deltas >= 0].sum() / len(midprices)
/Users/kshin/Documents/GitHub/pymarketsim/marketsim/wrappers/metrics.py:72: RuntimeWarning: invalid value encountered in scalar divide
  down = -deltas[deltas < 0].sum() / len(midprices)
/Users/kshin/Documents/GitHub/pymarketsim/marketsim/wrappers/metrics.py:71: RuntimeWarning: invalid value encountered in scalar divide
  up = deltas[deltas >= 0].sum() / len(midprices)
/Users/kshin/Documents/GitHub/pymarketsim/marketsim/wrappers/metrics.py:72: RuntimeWarning: invalid value encountered in scalar divide
  down = -deltas[deltas < 0].sum() / len(midprices)
/Users/kshin/Documents/GitHub/pymarketsim/marketsim/wrappers/metrics.py:71: RuntimeWarning: invalid value encountered in scalar divide
  up = deltas[deltas >= 0].sum() / len(midprices)
/Users/kshin/Documents/GitHub/pymarketsim/marketsim/wrappers/metrics.py:72: RuntimeWarning: invalid value encountered in scalar divide
  down = -deltas[deltas < 0].sum() / len(midprices)
/Users/kshin/Documents/GitHub/pymarketsim/marketsim/wrappers/metrics.py:71: RuntimeWarning: invalid value encountered in scalar divide
  up = deltas[deltas >= 0].sum() / len(midprices)
/Users/kshin/Documents/GitHub/pymarketsim/marketsim/wrappers/metrics.py:72: RuntimeWarning: invalid value encountered in scalar divide
  down = -deltas[deltas < 0].sum() / len(midprices)
/Users/kshin/Documents/GitHub/pymarketsim/marketsim/wrappers/metrics.py:71: RuntimeWarning: invalid value encountered in scalar divide
  up = deltas[deltas >= 0].sum() / len(midprices)
/Users/kshin/Documents/GitHub/pymarketsim/marketsim/wrappers/metrics.py:72: RuntimeWarning: invalid value encountered in scalar divide
  down = -deltas[deltas < 0].sum() / len(midprices)
/Users/kshin/Documents/GitHub/pymarketsim/marketsim/wrappers/metrics.py:71: RuntimeWarning: invalid value encountered in scalar divide
  up = deltas[deltas >= 0].sum() / len(midprices)
/Users/kshin/Documents/GitHub/pymarketsim/marketsim/wrappers/metrics.py:72: RuntimeWarning: invalid value encountered in scalar divide
  down = -deltas[deltas < 0].sum() / len(midprices)
Chunks:  12%|█▎        | 1/8 [01:13<08:36, 73.72s/it]Chunks:  25%|██▌       | 2/8 [01:14<03:04, 30.80s/it]Chunks:  38%|███▊      | 3/8 [01:14<01:24, 16.84s/it]Chunks:  62%|██████▎   | 5/8 [01:15<00:22,  7.40s/it]Chunks:  75%|███████▌  | 6/8 [01:15<00:10,  5.34s/it]Chunks:  88%|████████▊ | 7/8 [01:15<00:03,  3.86s/it]Chunks: 100%|██████████| 8/8 [01:15<00:00,  9.45s/it]

==============================================================
TRONformer vs 24x S8 — 2000 episodes
==============================================================
                                   TRONformer  ZI S8 (mean)
  --------------------------------------------------------
  Mean profit                        +2306.49        -23.01
  Std dev                            13500.50        664.42
  Std error                            301.88         14.86
  Median                               +90.07        +77.22
  t-stat (vs 0)                          7.64
  --------------------------------------------------------
  TRONformer advantage               +2329.50  (+10124.5%)
  t-stat (TRONformer vs ZI S8)           7.71
  95% CI (advantage)             [+1737.10, +2921.90]
==============================================================

Per-episode profits saved to results/equilibrium/dist_envA_skewed.csv
