Running 2000 episodes across 8 processes
  Model: runs/tronformer_ne24_s8_envA_uniform/best_model.pt  [legacy(sinusoidal-PE+CLS),ffn=512]
  BG: 24x S8 ({'shade': [460, 540], 'eta': 0.5})
  lam=0.0005, shock_var=1.00e+06, pv_var=5.00e+06
  lam_zi=0.02, n_layers=2, bins=uniform[0,1000]x100

Chunks:   0%|          | 0/8 [00:00<?, ?it/s]/Users/kshin/Documents/GitHub/pymarketsim/marketsim/wrappers/metrics.py:71: RuntimeWarning: invalid value encountered in scalar divide
  up = deltas[deltas >= 0].sum() / len(midprices)
/Users/kshin/Documents/GitHub/pymarketsim/marketsim/wrappers/metrics.py:72: RuntimeWarning: invalid value encountered in scalar divide
  down = -deltas[deltas < 0].sum() / len(midprices)
/Users/kshin/Documents/GitHub/pymarketsim/marketsim/wrappers/metrics.py:71: RuntimeWarning: invalid value encountered in scalar divide
  up = deltas[deltas >= 0].sum() / len(midprices)
/Users/kshin/Documents/GitHub/pymarketsim/marketsim/wrappers/metrics.py:72: RuntimeWarning: invalid value encountered in scalar divide
  down = -deltas[deltas < 0].sum() / len(midprices)
/Users/kshin/Documents/GitHub/pymarketsim/marketsim/wrappers/metrics.py:71: RuntimeWarning: invalid value encountered in scalar divide
  up = deltas[deltas >= 0].sum() / len(midprices)
/Users/kshin/Documents/GitHub/pymarketsim/marketsim/wrappers/metrics.py:72: RuntimeWarning: invalid value encountered in scalar divide
  down = -deltas[deltas < 0].sum() / len(midprices)
/Users/kshin/Documents/GitHub/pymarketsim/marketsim/wrappers/metrics.py:71: RuntimeWarning: invalid value encountered in scalar divide
  up = deltas[deltas >= 0].sum() / len(midprices)
/Users/kshin/Documents/GitHub/pymarketsim/marketsim/wrappers/metrics.py:72: RuntimeWarning: invalid value encountered in scalar divide
  down = -deltas[deltas < 0].sum() / len(midprices)
/Users/kshin/Documents/GitHub/pymarketsim/marketsim/wrappers/metrics.py:71: RuntimeWarning: invalid value encountered in scalar divide
  up = deltas[deltas >= 0].sum() / len(midprices)
/Users/kshin/Documents/GitHub/pymarketsim/marketsim/wrappers/metrics.py:72: RuntimeWarning: invalid value encountered in scalar divide
  down = -deltas[deltas < 0].sum() / len(midprices)
/Users/kshin/Documents/GitHub/pymarketsim/marketsim/wrappers/metrics.py:71: RuntimeWarning: invalid value encountered in scalar divide
  up = deltas[deltas >= 0].sum() / len(midprices)
/Users/kshin/Documents/GitHub/pymarketsim/marketsim/wrappers/metrics.py:72: RuntimeWarning: invalid value encountered in scalar divide
  down = -deltas[deltas < 0].sum() / len(midprices)
/Users/kshin/Documents/GitHub/pymarketsim/marketsim/wrappers/metrics.py:71: RuntimeWarning: invalid value encountered in scalar divide
  up = deltas[deltas >= 0].sum() / len(midprices)
/Users/kshin/Documents/GitHub/pymarketsim/marketsim/wrappers/metrics.py:72: RuntimeWarning: invalid value encountered in scalar divide
  down = -deltas[deltas < 0].sum() / len(midprices)
/Users/kshin/Documents/GitHub/pymarketsim/marketsim/wrappers/metrics.py:71: RuntimeWarning: invalid value encountered in scalar divide
  up = deltas[deltas >= 0].sum() / len(midprices)
/Users/kshin/Documents/GitHub/pymarketsim/marketsim/wrappers/metrics.py:72: RuntimeWarning: invalid value encountered in scalar divide
  down = -deltas[deltas < 0].sum() / len(midprices)
Chunks:  12%|█▎        | 1/8 [01:13<08:33, 73.34s/it]Chunks:  38%|███▊      | 3/8 [01:13<01:36, 19.24s/it]Chunks:  50%|█████     | 4/8 [01:14<00:50, 12.62s/it]Chunks:  62%|██████▎   | 5/8 [01:14<00:25,  8.48s/it]Chunks:  88%|████████▊ | 7/8 [01:14<00:04,  4.56s/it]Chunks: 100%|██████████| 8/8 [01:15<00:00,  3.43s/it]Chunks: 100%|██████████| 8/8 [01:15<00:00,  9.40s/it]

==============================================================
TRONformer vs 24x S8 — 2000 episodes
==============================================================
                                   TRONformer  ZI S8 (mean)
  --------------------------------------------------------
  Mean profit                        +2384.60        -39.03
  Std dev                            13243.67        667.05
  Std error                            296.14         14.92
  Median                              +106.13        +68.12
  t-stat (vs 0)                          8.05
  --------------------------------------------------------
  TRONformer advantage               +2423.63  (+6209.9%)
  t-stat (TRONformer vs ZI S8)           8.17
  95% CI (advantage)             [+1842.46, +3004.79]
==============================================================

Per-episode profits saved to results/equilibrium/dist_envA_uniform.csv
