Running 2000 episodes across 8 processes
  Model: runs/tronformer_ne24_s8_envA/best_model.pt
  BG: 24x S8 ({'shade': [460, 540], 'eta': 0.5})
  lam=0.0005, shock_var=1.00e+06, pv_var=5.00e+06
  lam_zi=0.0005, n_layers=2, bins=skewed[0,600]x42

Chunks:   0%|          | 0/8 [00:00<?, ?it/s]/Users/kshin/Documents/GitHub/pymarketsim/marketsim/wrappers/metrics.py:71: RuntimeWarning: invalid value encountered in scalar divide
  up = deltas[deltas >= 0].sum() / len(midprices)
/Users/kshin/Documents/GitHub/pymarketsim/marketsim/wrappers/metrics.py:72: RuntimeWarning: invalid value encountered in scalar divide
  down = -deltas[deltas < 0].sum() / len(midprices)
/Users/kshin/Documents/GitHub/pymarketsim/marketsim/wrappers/metrics.py:71: RuntimeWarning: invalid value encountered in scalar divide
  up = deltas[deltas >= 0].sum() / len(midprices)
/Users/kshin/Documents/GitHub/pymarketsim/marketsim/wrappers/metrics.py:72: RuntimeWarning: invalid value encountered in scalar divide
  down = -deltas[deltas < 0].sum() / len(midprices)
/Users/kshin/Documents/GitHub/pymarketsim/marketsim/wrappers/metrics.py:71: RuntimeWarning: invalid value encountered in scalar divide
  up = deltas[deltas >= 0].sum() / len(midprices)
/Users/kshin/Documents/GitHub/pymarketsim/marketsim/wrappers/metrics.py:72: RuntimeWarning: invalid value encountered in scalar divide
  down = -deltas[deltas < 0].sum() / len(midprices)
/Users/kshin/Documents/GitHub/pymarketsim/marketsim/wrappers/metrics.py:71: RuntimeWarning: invalid value encountered in scalar divide
  up = deltas[deltas >= 0].sum() / len(midprices)
/Users/kshin/Documents/GitHub/pymarketsim/marketsim/wrappers/metrics.py:72: RuntimeWarning: invalid value encountered in scalar divide
  down = -deltas[deltas < 0].sum() / len(midprices)
/Users/kshin/Documents/GitHub/pymarketsim/marketsim/wrappers/metrics.py:71: RuntimeWarning: invalid value encountered in scalar divide
  up = deltas[deltas >= 0].sum() / len(midprices)
/Users/kshin/Documents/GitHub/pymarketsim/marketsim/wrappers/metrics.py:72: RuntimeWarning: invalid value encountered in scalar divide
  down = -deltas[deltas < 0].sum() / len(midprices)
/Users/kshin/Documents/GitHub/pymarketsim/marketsim/wrappers/metrics.py:71: RuntimeWarning: invalid value encountered in scalar divide
  up = deltas[deltas >= 0].sum() / len(midprices)
/Users/kshin/Documents/GitHub/pymarketsim/marketsim/wrappers/metrics.py:72: RuntimeWarning: invalid value encountered in scalar divide
  down = -deltas[deltas < 0].sum() / len(midprices)
/Users/kshin/Documents/GitHub/pymarketsim/marketsim/wrappers/metrics.py:71: RuntimeWarning: invalid value encountered in scalar divide
  up = deltas[deltas >= 0].sum() / len(midprices)
/Users/kshin/Documents/GitHub/pymarketsim/marketsim/wrappers/metrics.py:72: RuntimeWarning: invalid value encountered in scalar divide
  down = -deltas[deltas < 0].sum() / len(midprices)
/Users/kshin/Documents/GitHub/pymarketsim/marketsim/wrappers/metrics.py:71: RuntimeWarning: invalid value encountered in scalar divide
  up = deltas[deltas >= 0].sum() / len(midprices)
/Users/kshin/Documents/GitHub/pymarketsim/marketsim/wrappers/metrics.py:72: RuntimeWarning: invalid value encountered in scalar divide
  down = -deltas[deltas < 0].sum() / len(midprices)
Chunks:  12%|█▎        | 1/8 [00:09<01:08,  9.84s/it]Chunks:  25%|██▌       | 2/8 [00:10<00:24,  4.16s/it]Chunks:  38%|███▊      | 3/8 [00:10<00:12,  2.45s/it]Chunks:  62%|██████▎   | 5/8 [00:10<00:03,  1.15s/it]Chunks:  75%|███████▌  | 6/8 [00:10<00:01,  1.14it/s]Chunks: 100%|██████████| 8/8 [00:11<00:00,  1.53it/s]Chunks: 100%|██████████| 8/8 [00:11<00:00,  1.46s/it]

==========================================================
TRONformer vs 24x S8 — 2000 episodes
==========================================================
  Mean       : +46.97
  Std dev    : 5028.59
  Std error  : 112.44
  t-stat     : 0.42
  95% CI     : [-173.42, +267.35]
  Median     : +0.00
  p5 / p25   : -8751.18 / +0.00
  p75 / p95  : +0.00 / +8500.81
  Min / Max  : -37629.46 / +34009.53
  Frac > 0   : 21.2%
==========================================================

Per-episode profits saved to results/equilibrium/dist_envA_skewed_lameq.csv
