Loading ZI×ZI baseline from results/ne_search/ne_envC_nb24_s456_abs_mean.csv ...
  Loaded 10×10 matrix.

TRONformer deviator:  10 cells  |  500 runs/cell  |  5,000 total simulations  |  10 processes
  Model: runs/tronformer_ne24_envC_rope_seed42_skewed/best_model.pt
  ENV: lam=0.012, lam_zi=0.02, sim_time=2000, n_bg=24.

TRONformer cells completed:   0%|          | 0/10 [00:00<?, ?it/s]/Users/kshin/Documents/GitHub/pymarketsim/marketsim/wrappers/metrics.py:71: RuntimeWarning: invalid value encountered in scalar divide
  up = deltas[deltas >= 0].sum() / len(midprices)
/Users/kshin/Documents/GitHub/pymarketsim/marketsim/wrappers/metrics.py:72: RuntimeWarning: invalid value encountered in scalar divide
  down = -deltas[deltas < 0].sum() / len(midprices)
/Users/kshin/Documents/GitHub/pymarketsim/marketsim/wrappers/metrics.py:71: RuntimeWarning: invalid value encountered in scalar divide
  up = deltas[deltas >= 0].sum() / len(midprices)
/Users/kshin/Documents/GitHub/pymarketsim/marketsim/wrappers/metrics.py:72: RuntimeWarning: invalid value encountered in scalar divide
  down = -deltas[deltas < 0].sum() / len(midprices)
/Users/kshin/Documents/GitHub/pymarketsim/marketsim/wrappers/metrics.py:71: RuntimeWarning: invalid value encountered in scalar divide
  up = deltas[deltas >= 0].sum() / len(midprices)
/Users/kshin/Documents/GitHub/pymarketsim/marketsim/wrappers/metrics.py:72: RuntimeWarning: invalid value encountered in scalar divide
  down = -deltas[deltas < 0].sum() / len(midprices)
/Users/kshin/Documents/GitHub/pymarketsim/marketsim/wrappers/metrics.py:71: RuntimeWarning: invalid value encountered in scalar divide
  up = deltas[deltas >= 0].sum() / len(midprices)
/Users/kshin/Documents/GitHub/pymarketsim/marketsim/wrappers/metrics.py:72: RuntimeWarning: invalid value encountered in scalar divide
  down = -deltas[deltas < 0].sum() / len(midprices)
/Users/kshin/Documents/GitHub/pymarketsim/marketsim/wrappers/metrics.py:71: RuntimeWarning: invalid value encountered in scalar divide
  up = deltas[deltas >= 0].sum() / len(midprices)
/Users/kshin/Documents/GitHub/pymarketsim/marketsim/wrappers/metrics.py:72: RuntimeWarning: invalid value encountered in scalar divide
  down = -deltas[deltas < 0].sum() / len(midprices)
/Users/kshin/Documents/GitHub/pymarketsim/marketsim/wrappers/metrics.py:71: RuntimeWarning: invalid value encountered in scalar divide
  up = deltas[deltas >= 0].sum() / len(midprices)
/Users/kshin/Documents/GitHub/pymarketsim/marketsim/wrappers/metrics.py:72: RuntimeWarning: invalid value encountered in scalar divide
  down = -deltas[deltas < 0].sum() / len(midprices)
/Users/kshin/Documents/GitHub/pymarketsim/marketsim/wrappers/metrics.py:71: RuntimeWarning: invalid value encountered in scalar divide
  up = deltas[deltas >= 0].sum() / len(midprices)
/Users/kshin/Documents/GitHub/pymarketsim/marketsim/wrappers/metrics.py:72: RuntimeWarning: invalid value encountered in scalar divide
  down = -deltas[deltas < 0].sum() / len(midprices)
/Users/kshin/Documents/GitHub/pymarketsim/marketsim/wrappers/metrics.py:71: RuntimeWarning: invalid value encountered in scalar divide
  up = deltas[deltas >= 0].sum() / len(midprices)
/Users/kshin/Documents/GitHub/pymarketsim/marketsim/wrappers/metrics.py:72: RuntimeWarning: invalid value encountered in scalar divide
  down = -deltas[deltas < 0].sum() / len(midprices)
/Users/kshin/Documents/GitHub/pymarketsim/marketsim/wrappers/metrics.py:71: RuntimeWarning: invalid value encountered in scalar divide
  up = deltas[deltas >= 0].sum() / len(midprices)
/Users/kshin/Documents/GitHub/pymarketsim/marketsim/wrappers/metrics.py:72: RuntimeWarning: invalid value encountered in scalar divide
  down = -deltas[deltas < 0].sum() / len(midprices)
/Users/kshin/Documents/GitHub/pymarketsim/marketsim/wrappers/metrics.py:71: RuntimeWarning: invalid value encountered in scalar divide
  up = deltas[deltas >= 0].sum() / len(midprices)
/Users/kshin/Documents/GitHub/pymarketsim/marketsim/wrappers/metrics.py:72: RuntimeWarning: invalid value encountered in scalar divide
  down = -deltas[deltas < 0].sum() / len(midprices)
TRONformer cells completed:  10%|█         | 1/10 [00:54<08:12, 54.75s/it]TRONformer cells completed:  30%|███       | 3/10 [00:54<01:39, 14.25s/it]TRONformer cells completed:  70%|███████   | 7/10 [00:55<00:13,  4.61s/it]TRONformer cells completed:  90%|█████████ | 9/10 [00:55<00:03,  3.15s/it]TRONformer cells completed: 100%|██████████| 10/10 [00:55<00:00,  5.56s/it]

==========================================================================================
DEVIATOR PROFIT TABLE  (extended with TRONformer deviator)
Rows = background strategy  |  Cols = deviator strategy
Value = mean deviator profit  |  Last col (TRONformer) = TRONformer transformer DQN
==========================================================================================
                 S0      S1      S2      S3      S4      S5      S6      S7      S8      S9  TRONformer
BG Strategy                                                                                            
S0           1142.2  1153.6  1061.0  1118.3  1151.3  1204.3  1253.0  1135.3  1271.5  1215.0      1238.7
S1           1048.9  1085.1   983.0  1052.3  1083.3  1134.5  1144.6  1027.7  1137.3  1109.2       916.2
S2           1294.3  1314.8  1222.2  1276.0  1298.0  1357.1  1375.4  1222.3  1399.8  1320.8      1342.7
S3           1303.1  1327.6  1213.0  1250.7  1290.2  1357.2  1381.3  1260.1  1389.7  1312.5      1214.7
S4           1296.8  1331.8  1231.6  1275.1  1316.9  1381.1  1394.2  1271.7  1405.7  1353.7      1274.2
S5           1406.4  1440.9  1359.4  1406.6  1433.3  1432.3  1450.4  1344.3  1486.6  1361.5      1182.3
S6           1087.5  1126.3   978.0  1038.5  1085.4  1132.0  1173.8  1090.7  1188.9  1137.7       947.3
S7           1359.3  1358.5  1312.8  1339.7  1371.8  1403.4  1381.4  1267.2  1369.0  1304.3      1388.8
S8           1180.2  1214.0  1099.6  1167.8  1221.8  1266.5  1318.7  1245.1  1313.4  1287.7      1287.6
S9           1061.3  1125.4   941.8  1044.7  1126.9  1192.5  1200.1  1102.2  1251.2  1201.0       916.0

==========================================================================================
BEST DEVIATOR STRATEGY FOR EACH BACKGROUND STRATEGY
==========================================================================================
 BG Strategy │ Best Deviation │  Advantage │ NE? │ TRONformer better than ZI best?
────────────────────────────────────────────────────────────────────────────────
          S0 │             S8 │     1271.5    │     │ No  (S8 +1272)
          S1 │             S6 │     1144.6    │     │ No  (S6 +1145)
          S2 │             S8 │     1399.8    │     │ No  (S8 +1400)
          S3 │             S8 │     1389.7    │     │ No  (S8 +1390)
          S4 │             S8 │     1405.7    │     │ No  (S8 +1406)
          S5 │             S8 │     1486.6    │     │ No  (S8 +1487)
          S6 │             S8 │     1188.9    │     │ No  (S8 +1189)
          S7 │             S5 │     1403.4    │     │ No  (S5 +1403)
          S8 │             S6 │     1318.7    │     │ No  (S6 +1319)
          S9 │             S8 │     1251.2    │     │ No  (S8 +1251)

==========================================================================================
SUMMARY
==========================================================================================
  TRONformer is the best deviator against 0/10 background strategies:

  No pure-strategy NE found among the 11 strategies.
==========================================================================================

Extended advantage matrix saved to results/equilibrium/eq_envC_rope_seed42_skewed_lam02_results.csv
