ENV: lam=0.012, shock_var=2.00e+04, pv_var=2.00e+07, n_bg=24
Loading ZI×ZI baseline from results/equilibrium/eq_envC_seed42_uniform_matched_s8_results.csv ...
  Loaded 10×10 matrix.

TRON deviator column:  10 cells  |  500 runs/cell  |  5,000 total simulations  |  10 processes
  Model: runs/tron_v10_envC_s8/best_model.pt
  ENV: lam=0.012, lam_zi=0.012, sim_time=2000, n_bg=24.

TRON cells completed:   0%|          | 0/10 [00:00<?, ?it/s]/Users/kshin/Documents/GitHub/pymarketsim/marketsim/wrappers/metrics.py:71: RuntimeWarning: invalid value encountered in scalar divide
  up = deltas[deltas >= 0].sum() / len(midprices)
/Users/kshin/Documents/GitHub/pymarketsim/marketsim/wrappers/metrics.py:72: RuntimeWarning: invalid value encountered in scalar divide
  down = -deltas[deltas < 0].sum() / len(midprices)
/Users/kshin/Documents/GitHub/pymarketsim/marketsim/wrappers/metrics.py:71: RuntimeWarning: invalid value encountered in scalar divide
  up = deltas[deltas >= 0].sum() / len(midprices)
/Users/kshin/Documents/GitHub/pymarketsim/marketsim/wrappers/metrics.py:72: RuntimeWarning: invalid value encountered in scalar divide
  down = -deltas[deltas < 0].sum() / len(midprices)
/Users/kshin/Documents/GitHub/pymarketsim/marketsim/wrappers/metrics.py:71: RuntimeWarning: invalid value encountered in scalar divide
  up = deltas[deltas >= 0].sum() / len(midprices)
/Users/kshin/Documents/GitHub/pymarketsim/marketsim/wrappers/metrics.py:72: RuntimeWarning: invalid value encountered in scalar divide
  down = -deltas[deltas < 0].sum() / len(midprices)
/Users/kshin/Documents/GitHub/pymarketsim/marketsim/wrappers/metrics.py:71: RuntimeWarning: invalid value encountered in scalar divide
  up = deltas[deltas >= 0].sum() / len(midprices)
/Users/kshin/Documents/GitHub/pymarketsim/marketsim/wrappers/metrics.py:72: RuntimeWarning: invalid value encountered in scalar divide
  down = -deltas[deltas < 0].sum() / len(midprices)
/Users/kshin/Documents/GitHub/pymarketsim/marketsim/wrappers/metrics.py:71: RuntimeWarning: invalid value encountered in scalar divide
  up = deltas[deltas >= 0].sum() / len(midprices)
/Users/kshin/Documents/GitHub/pymarketsim/marketsim/wrappers/metrics.py:72: RuntimeWarning: invalid value encountered in scalar divide
  down = -deltas[deltas < 0].sum() / len(midprices)
/Users/kshin/Documents/GitHub/pymarketsim/marketsim/wrappers/metrics.py:71: RuntimeWarning: invalid value encountered in scalar divide
  up = deltas[deltas >= 0].sum() / len(midprices)
/Users/kshin/Documents/GitHub/pymarketsim/marketsim/wrappers/metrics.py:72: RuntimeWarning: invalid value encountered in scalar divide
  down = -deltas[deltas < 0].sum() / len(midprices)
/Users/kshin/Documents/GitHub/pymarketsim/marketsim/wrappers/metrics.py:71: RuntimeWarning: invalid value encountered in scalar divide
  up = deltas[deltas >= 0].sum() / len(midprices)
/Users/kshin/Documents/GitHub/pymarketsim/marketsim/wrappers/metrics.py:72: RuntimeWarning: invalid value encountered in scalar divide
  down = -deltas[deltas < 0].sum() / len(midprices)
/Users/kshin/Documents/GitHub/pymarketsim/marketsim/wrappers/metrics.py:71: RuntimeWarning: invalid value encountered in scalar divide
  up = deltas[deltas >= 0].sum() / len(midprices)
/Users/kshin/Documents/GitHub/pymarketsim/marketsim/wrappers/metrics.py:72: RuntimeWarning: invalid value encountered in scalar divide
  down = -deltas[deltas < 0].sum() / len(midprices)
/Users/kshin/Documents/GitHub/pymarketsim/marketsim/wrappers/metrics.py:71: RuntimeWarning: invalid value encountered in scalar divide
  up = deltas[deltas >= 0].sum() / len(midprices)
/Users/kshin/Documents/GitHub/pymarketsim/marketsim/wrappers/metrics.py:72: RuntimeWarning: invalid value encountered in scalar divide
  down = -deltas[deltas < 0].sum() / len(midprices)
/Users/kshin/Documents/GitHub/pymarketsim/marketsim/wrappers/metrics.py:71: RuntimeWarning: invalid value encountered in scalar divide
  up = deltas[deltas >= 0].sum() / len(midprices)
/Users/kshin/Documents/GitHub/pymarketsim/marketsim/wrappers/metrics.py:72: RuntimeWarning: invalid value encountered in scalar divide
  down = -deltas[deltas < 0].sum() / len(midprices)
TRON cells completed:  10%|█         | 1/10 [00:08<01:20,  8.89s/it]TRON cells completed:  70%|███████   | 7/10 [00:08<00:02,  1.06it/s]TRON cells completed: 100%|██████████| 10/10 [00:09<00:00,  1.11it/s]

==========================================================================================
DEVIATOR PROFIT TABLE  (extended with TRON-R2D2 deviator)
Rows = background strategy  |  Cols = deviator strategy
Value = mean deviator profit  |  Last col (TRON-R2D2) = TRON recurrent DQN
==========================================================================================
                 S0      S1      S2      S3      S4      S5      S6      S7      S8      S9  TRON-R2D2
BG Strategy                                                                                           
S0           1135.9  1135.5  1062.5  1107.7  1134.9  1193.4  1187.5  1073.2  1191.8  1093.1      597.7
S1           1332.5  1378.3  1256.2  1307.5  1336.4  1391.2  1412.8  1295.4  1464.4  1382.7      642.4
S2           1104.5  1128.5  1064.1  1101.2  1130.2  1190.3  1225.0  1112.4  1240.4  1231.3      358.5
S3           1219.1  1259.1  1133.1  1184.0  1210.0  1285.9  1309.4  1169.2  1323.1  1322.4     1403.1
S4           1214.0  1241.8  1143.3  1198.7  1240.1  1276.8  1299.3  1166.2  1324.9  1258.2      705.2
S5           1284.6  1336.3  1222.7  1279.3  1322.7  1369.8  1374.1  1263.5  1374.7  1298.1      863.5
S6           1227.6  1272.7  1139.3  1194.6  1241.1  1294.9  1311.3  1232.3  1340.1  1316.8     1059.2
S7           1609.2  1627.4  1572.4  1601.5  1640.2  1630.5  1609.4  1471.0  1585.5  1464.1     1718.3
S8           1337.4  1375.9  1244.0  1322.1  1364.5  1419.1  1464.2  1348.1  1466.8  1443.4      550.9
S9            955.4  1000.4   805.8   906.3   982.7  1096.6  1143.7  1065.0  1180.7  1115.3     1298.2

==========================================================================================
BEST DEVIATOR STRATEGY FOR EACH BACKGROUND STRATEGY
==========================================================================================
 BG Strategy │ Best Deviation │  Advantage │ NE? │ TRON better than ZI best?
───────────────────────────────────────────────────────────────────────────
          S0 │             S5 │     1193.4    │     │ No  (S5 +1193)
          S1 │             S8 │     1464.4    │     │ No  (S8 +1464)
          S2 │             S8 │     1240.4    │     │ No  (S8 +1240)
          S3 │      TRON-R2D2 │     1403.1    │     │ Yes (++80)
          S4 │             S8 │     1324.9    │     │ No  (S8 +1325)
          S5 │             S8 │     1374.7    │     │ No  (S8 +1375)
          S6 │             S8 │     1340.1    │     │ No  (S8 +1340)
          S7 │      TRON-R2D2 │     1718.3    │     │ Yes (++78)
          S8 │             S8 │     1466.8 ✓  │     │ No  (S8 +1467)
          S9 │      TRON-R2D2 │     1298.2    │     │ Yes (++118)

==========================================================================================
SUMMARY
==========================================================================================
  TRON is the best deviator against 3/10 background strategies:
    S3 (bg=[140, 160] η=0.5)  TRON=1403.1  best-ZI=S8 (1323.1)  Δ=+80.0
    S7 (bg=[380, 420] η=1.0)  TRON=1718.3  best-ZI=S4 (1640.2)  Δ=+78.1
    S9 (bg=[950, 1050] η=0.5)  TRON=1298.2  best-ZI=S8 (1180.7)  Δ=+117.5

  Nash equilibrium candidates (pure-strategy): ['S8']
==========================================================================================

Extended advantage matrix saved to results/equilibrium/equilibrium_tron_v10_envC_results.csv
